
> build
> vite build

[36mvite v5.4.20 [32mbuilding for production...[36m[39m
npm : [baseline-browse
r-mapping] The data 
in this module is 
over two months old.  
To ensure accurate 
Baseline data, please 
update: `npm i baselin
e-browser-mapping@late
st -D`
At line:1 char:1
+ npm run build > 
build_error.log 2>&1
+ ~~~~~~~~~~~~~~~~~~~~
~~~~~~~~~~~~~~~~
    + CategoryInfo    
          : NotSpeci  
  fied: ([baseline-   
 brows...ping@late    
st -D`:String) []    
, RemoteException
    + FullyQualifiedE 
   rrorId : NativeCo  
  mmandError
 
transforming...
[32mΓ£ô[39m 350 modules transformed.
[31mx[39m Build 
failed in 1.10s
[31merror during 
build:
[31m[vite:load-fallba
ck] Could not load /re
sources/js/Layouts/Gue
stLayout (imported by 
resources/js/Pages/Aut
h/ConfirmPassword.jsx)
: ENOENT: no such 
file or directory, 
open 'C:\resources\js\
Layouts\GuestLayout'[
31m
    at async open (nod
e:internal/fs/promises
:636:25)
    at async 
Object.readFile (node:
internal/fs/promises:1
246:14)
    at async 
Object.load (file:///C
:/PA/ProjectAkhir/node
_modules/vite/dist/nod
e/chunks/dep-D_zLpgQd.
js:65356:25)
    at async PluginDri
ver.hookFirstAndGetPlu
gin (file:///C:/PA/Pro
jectAkhir/node_modules
/rollup/dist/es/shared
/node-entry.js:22307:2
8)
    at async file:///C
:/PA/ProjectAkhir/node
_modules/rollup/dist/e
s/shared/node-entry.js
:21307:33
    at async 
Queue.work (file:///C:
/PA/ProjectAkhir/node_
modules/rollup/dist/es
/shared/node-entry.js:
22535:32)[39m
